// Jest Snapshot v1, https://goo.gl/fbAQLP

exports[`footer should correspond to snapshot 1`] = `
<footer>
  Movies database, 2017
</footer>
`;
