// Jest Snapshot v1, https://goo.gl/fbAQLP

exports[`counter should correspond to snapshot 1`] = `
<section
  className={undefined}
>
   Posts count: 
  3
</section>
`;
